// Jest Snapshot v1, https://goo.gl/fbAQLP

exports[`screen: Accounts/Desktop matches snapshot 1`] = `
<div
  className="makeStyles-root"
>
  <table
    className="MuiTable-root"
    role={null}
  >
    <thead
      className="MuiTableHead-root"
      role={null}
    >
      <tr
        className="MuiTableRow-root MuiTableRow-head"
        role={null}
      >
        <th
          aria-sort={null}
          className="MuiTableCell-root MuiTableCell-head"
          scope="col"
          style={
            Object {
              "textAlign": undefined,
              "width": "5%",
            }
          }
        >
          <h4
            className="MuiTypography-root MuiTypography-h4"
          >
            top_rank
            <div
              id="SortArrows"
              sort="asc"
            />
          </h4>
        </th>
        <th
          aria-sort={null}
          className="MuiTableCell-root MuiTableCell-head"
          scope="col"
          style={
            Object {
              "textAlign": undefined,
              "width": "25%",
            }
          }
        >
          <h4
            className="MuiTypography-root MuiTypography-h4"
          >
            top_address
          </h4>
        </th>
        <th
          aria-sort={null}
          className="MuiTableCell-root MuiTableCell-head"
          scope="col"
          style={
            Object {
              "textAlign": undefined,
              "width": "30%",
            }
          }
        >
          <h4
            className="MuiTypography-root MuiTypography-h4"
          >
            top_dtag
          </h4>
        </th>
        <th
          aria-sort={null}
          className="MuiTableCell-root MuiTableCell-head"
          scope="col"
          style={
            Object {
              "textAlign": undefined,
              "width": "30%",
            }
          }
        >
          <h4
            className="MuiTypography-root MuiTypography-h4"
          >
            top_balance
          </h4>
        </th>
        <th
          aria-sort={null}
          className="MuiTableCell-root MuiTableCell-head"
          scope="col"
          style={
            Object {
              "textAlign": "right",
              "width": "15%",
            }
          }
        >
          <h4
            className="MuiTypography-root MuiTypography-h4 MuiTypography-alignRight"
          >
            top_percentage
          </h4>
        </th>
      </tr>
    </thead>
    <tbody
      className="MuiTableBody-root"
      role={null}
    >
      <tr
        className="MuiTableRow-root"
        role={null}
      >
        <td
          aria-sort={null}
          className="MuiTableCell-root MuiTableCell-body odd"
          style={
            Object {
              "textAlign": undefined,
              "width": "5%",
            }
          }
        >
          #1
        </td>
        <td
          aria-sort={null}
          className="MuiTableCell-root MuiTableCell-body odd"
          style={
            Object {
              "textAlign": undefined,
              "width": "25%",
            }
          }
        >
          <div
            address="cheqvalcon10000000000000000050"
            href={[Function]}
            id="AvatarName"
            name="name"
          />
        </td>
        <td
          aria-sort={null}
          className="MuiTableCell-root MuiTableCell-body odd"
          style={
            Object {
              "textAlign": undefined,
              "width": "30%",
            }
          }
        />
        <td
          aria-sort={null}
          className="MuiTableCell-root MuiTableCell-body odd"
          style={
            Object {
              "textAlign": undefined,
              "width": "30%",
            }
          }
        >
          5100
           
          DARIC
        </td>
        <td
          aria-sort={null}
          className="MuiTableCell-root MuiTableCell-body odd"
          style={
            Object {
              "textAlign": "right",
              "width": "15%",
            }
          }
        >
          51.0000 %
        </td>
      </tr>
      <tr
        className="MuiTableRow-root"
        role={null}
      >
        <td
          aria-sort={null}
          className="MuiTableCell-root MuiTableCell-body"
          style={
            Object {
              "textAlign": undefined,
              "width": "5%",
            }
          }
        >
          #2
        </td>
        <td
          aria-sort={null}
          className="MuiTableCell-root MuiTableCell-body"
          style={
            Object {
              "textAlign": undefined,
              "width": "25%",
            }
          }
        >
          <div
            address="cheqvalcon10000000000000000049"
            href={[Function]}
            id="AvatarName"
            name="name"
          />
        </td>
        <td
          aria-sort={null}
          className="MuiTableCell-root MuiTableCell-body"
          style={
            Object {
              "textAlign": undefined,
              "width": "30%",
            }
          }
        />
        <td
          aria-sort={null}
          className="MuiTableCell-root MuiTableCell-body"
          style={
            Object {
              "textAlign": undefined,
              "width": "30%",
            }
          }
        >
          4900
           
          DARIC
        </td>
        <td
          aria-sort={null}
          className="MuiTableCell-root MuiTableCell-body"
          style={
            Object {
              "textAlign": "right",
              "width": "15%",
            }
          }
        >
          49.0000 %
        </td>
      </tr>
    </tbody>
  </table>
</div>
`;
